// Jest Snapshot v1, https://goo.gl/fbAQLP

exports[`<Main /> should render the heading 1`] = `
<main
  class="sc-bdfCDU esWOmd"
>
  <h1>
    Boilerplate Bilgi
  </h1>
</main>
`;
